1,3,61,+,ATGACTTGCGGTAAAGAAGA,NC_007946.1
2,3,61,+,ATGACTTGCGGTAAAGAAGA,NC_007946.1
3,3,61,+,ATGACTTGCGGTAAAGAAGA,NC_007946.1
4,3,61,+,ATGACTTGCGGTAAAGAAGA,NC_007946.1
5,3,61,+,ATGACTTGCGGTAAAGAAGA,NC_007946.1
6,3,61,+,ATGACTTGCGGTAAAGAAGA,NC_007946.1
